# Talkie punctuation mapping - Tcl list format
# Each line: "pattern" "replacement"
# Patterns are matched at word boundaries only
# Patterns ending with $ only match at end of utterance

# Sentence endings (end of utterance only)
"period$"            "."
"question mark$"     "?"
"exclamation mark$"  "!"
"exclamation point$" "!"

# Line breaks (end of utterance only)
"new line$"          "\n"
"newline$"           "\n"
"new paragraph$"     "\n\n"

# Mid-sentence punctuation (match anywhere)
"comma"              ","
"colon"              ":"
"semicolon"          ";"
"semi colon"         ";"
"hyphen"             "-"
"dash"               "-"
"apostrophe"         "'"
"ellipsis"           "..."

# Quotes and brackets
"open quote"         "\""
"close quote"        "\""
"quote"              "\""
"open paren"         "("
"close paren"        ")"

# Symbols
"at sign"            "@"
"ampersand"          "&"
"hashtag"            "#"
"pound sign"         "#"
"asterisk"           "*"
"slash"              "/"
"underscore"         "_"
"dollar sign"        "$"
"percent"            "%"
"plus sign"          "+"
"equals"             "="
